# DISPATCH-CLOSE-GATE-01 round 6: SUPERSEDED. This pair (review-r4 S3) proved a narrower
# mutation (the test's own 'C5' fixture/literal) than the integration control it was
# named for. The suite no longer has a 'C5' -- it now has C3 (extracts and runs the 5
# real production _dl_note ... leadv2_red_proof_render_evidence(...) call sites
# directly) plus a genuine C3 negative control (same 5 expressions with the suffix
# nulled, asserting the downgrade text disappears). Kept for history; current
# authoritative transcript: round6-red/test-red-proof-gate-full-run.log.
#
PASS: named_fixes: Critical heading extracted
PASS: named_fixes: High heading extracted
PASS: has_red: backed Critical fix satisfied
PASS: has_red: unbacked High fix correctly unproven
PASS: unproven: exactly one unproven line
PASS: unproven: names the correct fix
PASS: unproven: backed fix not flagged
PASS: C2: separate worker claim root is checked against founder RED evidence
PASS: has_red: a '0 failed' artifact correctly does not satisfy its fix
PASS: has_red: backing artifact under round2-red/ (not just red/) satisfies the fix
PASS: named_fixes: a lane-mission.md heading is not read as a worker claim
PASS: named_fixes: a file without the completion marker is not read as a worker claim
PASS: CLI: close-gate reports unproven finding (never blocks -- rc=0)
PASS: L1: leading-/ task_id rejected
PASS: L1: .. task_id rejected
FAIL: C5: rendered terminal evidence lost the suffix: diff=abc123
SUMMARY: pass=15 fail=1

ASSERTED_EXIT_STATUS=1
